
> api@0.0.1 test C:\Users\shiva\Desktop\14-st\apps\api
> jest "--verbose"

node.exe : FAIL src/recommendations/recommen
dations.service.spec.ts
At C:\Users\shiva\AppData\Roaming\npm\pnpm.p
s1:24 char:5
+     & "node$exe"  
"$basedir/node_modules/pnpm/bin/pnpm.cjs" 
$args
+     ~~~~~~~~~~~~~~~~~~~~~~~~~~~~~~~~~~~~~~
~~~~~~~~~~~~~~~~~~~~~~~
    + CategoryInfo          : NotSpecified: 
    (FAIL src/recomm...service.spec.ts:Str  
  ing) [], RemoteException
    + FullyQualifiedErrorId : NativeCommand 
   Error
 
  ΓùÅ Test suite failed to run

    Cannot find module 
'.prisma/client/default' from '../../../node
_modules/.pnpm/@prisma+client@7.8.0_prisma@7
.8.0_typescript@5.9.3/node_modules/@prisma/c
lient/default.js'

    Require stack:
      C:/Users/shiva/Desktop/14-st/node_modu
les/.pnpm/@prisma+client@7.8.0_prisma@7.8.0_
typescript@5.9.3/node_modules/@prisma/client
/default.js
      database/prisma/prisma.service.ts
      
recommendations/recommendations.service.ts
      recommendations/recommendations.servic
e.spec.ts

    [0m [90m 1 |[39m [36mimport[39m { 
[33mInjectable[39m[33m,[39m 
[33mOnModuleInit[39m[33m,[39m 
[33mINestApplication[39m } [36mfrom[39m 
[32m'@nestjs/common'[39m[33m;[39m
    [31m[1m>[22m[39m[90m 2 |[39m 
[36mimport[39m { [33mPrismaClient[39m } 
[36mfrom[39m 
[32m'@prisma/client'[39m[33m;[39m
     [90m   |[39m [31m[1m^[22m[39m
     [90m 3 |[39m
     [90m 4 |[39m 
[33m@[39m[33mInjectable[39m()
     [90m 5 |[39m [36mexport[39m 
[36mclass[39m [33mPrismaService[39m 
[36mextends[39m [33mPrismaClient[39m 
[36mimplements[39m [33mOnModuleInit[39m 
{[0m

      at Resolver._throwModNotFoundError (..
/../../node_modules/.pnpm/jest-resolve@30.4.
1/node_modules/jest-resolve/build/index.js:8
95:11)
      at Object.<anonymous> (../../../node_m
odules/.pnpm/@prisma+client@7.8.0_prisma@7.8
.0_typescript@5.9.3/node_modules/@prisma/cli
ent/default.js:2:6)
      at Object.<anonymous> 
(database/prisma/prisma.service.ts:2:1)
      at Object.<anonymous> (recommendations
/recommendations.service.ts:2:1)
      at Object.<anonymous> (recommendations
/recommendations.service.spec.ts:1:1)

FAIL src/carbon/carbon.service.spec.ts
  ΓùÅ Test suite failed to run

    Cannot find module 
'.prisma/client/default' from '../../../node
_modules/.pnpm/@prisma+client@7.8.0_prisma@7
.8.0_typescript@5.9.3/node_modules/@prisma/c
lient/default.js'

    Require stack:
      C:/Users/shiva/Desktop/14-st/node_modu
les/.pnpm/@prisma+client@7.8.0_prisma@7.8.0_
typescript@5.9.3/node_modules/@prisma/client
/default.js
      database/prisma/prisma.service.ts
      carbon/carbon.service.ts
      carbon/carbon.service.spec.ts

    [0m [90m 1 |[39m [36mimport[39m { 
[33mInjectable[39m[33m,[39m 
[33mOnModuleInit[39m[33m,[39m 
[33mINestApplication[39m } [36mfrom[39m 
[32m'@nestjs/common'[39m[33m;[39m
    [31m[1m>[22m[39m[90m 2 |[39m 
[36mimport[39m { [33mPrismaClient[39m } 
[36mfrom[39m 
[32m'@prisma/client'[39m[33m;[39m
     [90m   |[39m [31m[1m^[22m[39m
     [90m 3 |[39m
     [90m 4 |[39m 
[33m@[39m[33mInjectable[39m()
     [90m 5 |[39m [36mexport[39m 
[36mclass[39m [33mPrismaService[39m 
[36mextends[39m [33mPrismaClient[39m 
[36mimplements[39m [33mOnModuleInit[39m 
{[0m

      at Resolver._throwModNotFoundError (..
/../../node_modules/.pnpm/jest-resolve@30.4.
1/node_modules/jest-resolve/build/index.js:8
95:11)
      at Object.<anonymous> (../../../node_m
odules/.pnpm/@prisma+client@7.8.0_prisma@7.8
.0_typescript@5.9.3/node_modules/@prisma/cli
ent/default.js:2:6)
      at Object.<anonymous> 
(database/prisma/prisma.service.ts:2:1)
      at Object.<anonymous> 
(carbon/carbon.service.ts:3:1)
      at Object.<anonymous> 
(carbon/carbon.service.spec.ts:1:1)

FAIL src/recommendations/recommendations.con
troller.spec.ts
  ΓùÅ Test suite failed to run

    Cannot find module 
'.prisma/client/default' from '../../../node
_modules/.pnpm/@prisma+client@7.8.0_prisma@7
.8.0_typescript@5.9.3/node_modules/@prisma/c
lient/default.js'

    Require stack:
      C:/Users/shiva/Desktop/14-st/node_modu
les/.pnpm/@prisma+client@7.8.0_prisma@7.8.0_
typescript@5.9.3/node_modules/@prisma/client
/default.js
      database/prisma/prisma.service.ts
      
recommendations/recommendations.service.ts
      recommendations/recommendations.contro
ller.ts
      recommendations/recommendations.contro
ller.spec.ts

    [0m [90m 1 |[39m [36mimport[39m { 
[33mInjectable[39m[33m,[39m 
[33mOnModuleInit[39m[33m,[39m 
[33mINestApplication[39m } [36mfrom[39m 
[32m'@nestjs/common'[39m[33m;[39m
    [31m[1m>[22m[39m[90m 2 |[39m 
[36mimport[39m { [33mPrismaClient[39m } 
[36mfrom[39m 
[32m'@prisma/client'[39m[33m;[39m
     [90m   |[39m [31m[1m^[22m[39m
     [90m 3 |[39m
     [90m 4 |[39m 
[33m@[39m[33mInjectable[39m()
     [90m 5 |[39m [36mexport[39m 
[36mclass[39m [33mPrismaService[39m 
[36mextends[39m [33mPrismaClient[39m 
[36mimplements[39m [33mOnModuleInit[39m 
{[0m

      at Resolver._throwModNotFoundError (..
/../../node_modules/.pnpm/jest-resolve@30.4.
1/node_modules/jest-resolve/build/index.js:8
95:11)
      at Object.<anonymous> (../../../node_m
odules/.pnpm/@prisma+client@7.8.0_prisma@7.8
.0_typescript@5.9.3/node_modules/@prisma/cli
ent/default.js:2:6)
      at Object.<anonymous> 
(database/prisma/prisma.service.ts:2:1)
      at Object.<anonymous> (recommendations
/recommendations.service.ts:2:1)
      at Object.<anonymous> (recommendations
/recommendations.controller.ts:2:1)
      at Object.<anonymous> (recommendations
/recommendations.controller.spec.ts:2:1)

FAIL 
src/database/prisma/prisma.service.spec.ts
  ΓùÅ Test suite failed to run

    Cannot find module 
'.prisma/client/default' from '../../../node
_modules/.pnpm/@prisma+client@7.8.0_prisma@7
.8.0_typescript@5.9.3/node_modules/@prisma/c
lient/default.js'

    Require stack:
      C:/Users/shiva/Desktop/14-st/node_modu
les/.pnpm/@prisma+client@7.8.0_prisma@7.8.0_
typescript@5.9.3/node_modules/@prisma/client
/default.js
      database/prisma/prisma.service.ts
      database/prisma/prisma.service.spec.ts

    [0m [90m 1 |[39m [36mimport[39m { 
[33mInjectable[39m[33m,[39m 
[33mOnModuleInit[39m[33m,[39m 
[33mINestApplication[39m } [36mfrom[39m 
[32m'@nestjs/common'[39m[33m;[39m
    [31m[1m>[22m[39m[90m 2 |[39m 
[36mimport[39m { [33mPrismaClient[39m } 
[36mfrom[39m 
[32m'@prisma/client'[39m[33m;[39m
     [90m   |[39m [31m[1m^[22m[39m
     [90m 3 |[39m
     [90m 4 |[39m 
[33m@[39m[33mInjectable[39m()
     [90m 5 |[39m [36mexport[39m 
[36mclass[39m [33mPrismaService[39m 
[36mextends[39m [33mPrismaClient[39m 
[36mimplements[39m [33mOnModuleInit[39m 
{[0m

      at Resolver._throwModNotFoundError (..
/../../node_modules/.pnpm/jest-resolve@30.4.
1/node_modules/jest-resolve/build/index.js:8
95:11)
      at Object.<anonymous> (../../../node_m
odules/.pnpm/@prisma+client@7.8.0_prisma@7.8
.0_typescript@5.9.3/node_modules/@prisma/cli
ent/default.js:2:6)
      at Object.<anonymous> 
(database/prisma/prisma.service.ts:2:1)
      at Object.<anonymous> 
(database/prisma/prisma.service.spec.ts:2:1)

FAIL src/users/users.service.spec.ts
  ΓùÅ Test suite failed to run

    Cannot find module 
'.prisma/client/default' from '../../../node
_modules/.pnpm/@prisma+client@7.8.0_prisma@7
.8.0_typescript@5.9.3/node_modules/@prisma/c
lient/default.js'

    Require stack:
      C:/Users/shiva/Desktop/14-st/node_modu
les/.pnpm/@prisma+client@7.8.0_prisma@7.8.0_
typescript@5.9.3/node_modules/@prisma/client
/default.js
      database/prisma/prisma.service.ts
      users/users.service.ts
      users/users.service.spec.ts

    [0m [90m 1 |[39m [36mimport[39m { 
[33mInjectable[39m[33m,[39m 
[33mOnModuleInit[39m[33m,[39m 
[33mINestApplication[39m } [36mfrom[39m 
[32m'@nestjs/common'[39m[33m;[39m
    [31m[1m>[22m[39m[90m 2 |[39m 
[36mimport[39m { [33mPrismaClient[39m } 
[36mfrom[39m 
[32m'@prisma/client'[39m[33m;[39m
     [90m   |[39m [31m[1m^[22m[39m
     [90m 3 |[39m
     [90m 4 |[39m 
[33m@[39m[33mInjectable[39m()
     [90m 5 |[39m [36mexport[39m 
[36mclass[39m [33mPrismaService[39m 
[36mextends[39m [33mPrismaClient[39m 
[36mimplements[39m [33mOnModuleInit[39m 
{[0m

      at Resolver._throwModNotFoundError (..
/../../node_modules/.pnpm/jest-resolve@30.4.
1/node_modules/jest-resolve/build/index.js:8
95:11)
      at Object.<anonymous> (../../../node_m
odules/.pnpm/@prisma+client@7.8.0_prisma@7.8
.0_typescript@5.9.3/node_modules/@prisma/cli
ent/default.js:2:6)
      at Object.<anonymous> 
(database/prisma/prisma.service.ts:2:1)
      at Object.<anonymous> 
(users/users.service.ts:2:1)
      at Object.<anonymous> 
(users/users.service.spec.ts:2:1)

PASS 
src/activities/activities.service.spec.ts
  ActivitiesService
    ΓêÜ should be defined (32 ms)

PASS 
src/activities/activities.controller.spec.ts
  ActivitiesController
    ΓêÜ should be defined (30 ms)

FAIL src/carbon/carbon.controller.spec.ts
  ΓùÅ Test suite failed to run

    Cannot find module 
'.prisma/client/default' from '../../../node
_modules/.pnpm/@prisma+client@7.8.0_prisma@7
.8.0_typescript@5.9.3/node_modules/@prisma/c
lient/default.js'

    Require stack:
      C:/Users/shiva/Desktop/14-st/node_modu
les/.pnpm/@prisma+client@7.8.0_prisma@7.8.0_
typescript@5.9.3/node_modules/@prisma/client
/default.js
      database/prisma/prisma.service.ts
      carbon/carbon.service.ts
      carbon/carbon.controller.ts
      carbon/carbon.controller.spec.ts

    [0m [90m 1 |[39m [36mimport[39m { 
[33mInjectable[39m[33m,[39m 
[33mOnModuleInit[39m[33m,[39m 
[33mINestApplication[39m } [36mfrom[39m 
[32m'@nestjs/common'[39m[33m;[39m
    [31m[1m>[22m[39m[90m 2 |[39m 
[36mimport[39m { [33mPrismaClient[39m } 
[36mfrom[39m 
[32m'@prisma/client'[39m[33m;[39m
     [90m   |[39m [31m[1m^[22m[39m
     [90m 3 |[39m
     [90m 4 |[39m 
[33m@[39m[33mInjectable[39m()
     [90m 5 |[39m [36mexport[39m 
[36mclass[39m [33mPrismaService[39m 
[36mextends[39m [33mPrismaClient[39m 
[36mimplements[39m [33mOnModuleInit[39m 
{[0m

      at Resolver._throwModNotFoundError (..
/../../node_modules/.pnpm/jest-resolve@30.4.
1/node_modules/jest-resolve/build/index.js:8
95:11)
      at Object.<anonymous> (../../../node_m
odules/.pnpm/@prisma+client@7.8.0_prisma@7.8
.0_typescript@5.9.3/node_modules/@prisma/cli
ent/default.js:2:6)
      at Object.<anonymous> 
(database/prisma/prisma.service.ts:2:1)
      at Object.<anonymous> 
(carbon/carbon.service.ts:3:1)
      at Object.<anonymous> 
(carbon/carbon.controller.ts:2:1)
      at Object.<anonymous> 
(carbon/carbon.controller.spec.ts:2:1)

PASS src/app.controller.spec.ts
  AppController
    root
      ΓêÜ should return "Hello World!" (42 
ms)

FAIL src/auth/auth.service.spec.ts
  ΓùÅ Test suite failed to run

    Cannot find module 
'.prisma/client/default' from '../../../node
_modules/.pnpm/@prisma+client@7.8.0_prisma@7
.8.0_typescript@5.9.3/node_modules/@prisma/c
lient/default.js'

    Require stack:
      C:/Users/shiva/Desktop/14-st/node_modu
les/.pnpm/@prisma+client@7.8.0_prisma@7.8.0_
typescript@5.9.3/node_modules/@prisma/client
/default.js
      database/prisma/prisma.service.ts
      users/users.service.ts
      auth/auth.service.ts
      auth/auth.service.spec.ts

    [0m [90m 1 |[39m [36mimport[39m { 
[33mInjectable[39m[33m,[39m 
[33mOnModuleInit[39m[33m,[39m 
[33mINestApplication[39m } [36mfrom[39m 
[32m'@nestjs/common'[39m[33m;[39m
    [31m[1m>[22m[39m[90m 2 |[39m 
[36mimport[39m { [33mPrismaClient[39m } 
[36mfrom[39m 
[32m'@prisma/client'[39m[33m;[39m
     [90m   |[39m [31m[1m^[22m[39m
     [90m 3 |[39m
     [90m 4 |[39m 
[33m@[39m[33mInjectable[39m()
     [90m 5 |[39m [36mexport[39m 
[36mclass[39m [33mPrismaService[39m 
[36mextends[39m [33mPrismaClient[39m 
[36mimplements[39m [33mOnModuleInit[39m 
{[0m

      at Resolver._throwModNotFoundError (..
/../../node_modules/.pnpm/jest-resolve@30.4.
1/node_modules/jest-resolve/build/index.js:8
95:11)
      at Object.<anonymous> (../../../node_m
odules/.pnpm/@prisma+client@7.8.0_prisma@7.8
.0_typescript@5.9.3/node_modules/@prisma/cli
ent/default.js:2:6)
      at Object.<anonymous> 
(database/prisma/prisma.service.ts:2:1)
      at Object.<anonymous> 
(users/users.service.ts:2:1)
      at Object.<anonymous> 
(auth/auth.service.ts:4:1)
      at Object.<anonymous> 
(auth/auth.service.spec.ts:4:1)

FAIL src/auth/auth.controller.spec.ts
  ΓùÅ Test suite failed to run

    Cannot find module 
'.prisma/client/default' from '../../../node
_modules/.pnpm/@prisma+client@7.8.0_prisma@7
.8.0_typescript@5.9.3/node_modules/@prisma/c
lient/default.js'

    Require stack:
      C:/Users/shiva/Desktop/14-st/node_modu
les/.pnpm/@prisma+client@7.8.0_prisma@7.8.0_
typescript@5.9.3/node_modules/@prisma/client
/default.js
      database/prisma/prisma.service.ts
      users/users.service.ts
      auth/auth.service.ts
      auth/auth.controller.ts
      auth/auth.controller.spec.ts

    [0m [90m 1 |[39m [36mimport[39m { 
[33mInjectable[39m[33m,[39m 
[33mOnModuleInit[39m[33m,[39m 
[33mINestApplication[39m } [36mfrom[39m 
[32m'@nestjs/common'[39m[33m;[39m
    [31m[1m>[22m[39m[90m 2 |[39m 
[36mimport[39m { [33mPrismaClient[39m } 
[36mfrom[39m 
[32m'@prisma/client'[39m[33m;[39m
     [90m   |[39m [31m[1m^[22m[39m
     [90m 3 |[39m
     [90m 4 |[39m 
[33m@[39m[33mInjectable[39m()
     [90m 5 |[39m [36mexport[39m 
[36mclass[39m [33mPrismaService[39m 
[36mextends[39m [33mPrismaClient[39m 
[36mimplements[39m [33mOnModuleInit[39m 
{[0m

      at Resolver._throwModNotFoundError (..
/../../node_modules/.pnpm/jest-resolve@30.4.
1/node_modules/jest-resolve/build/index.js:8
95:11)
      at Object.<anonymous> (../../../node_m
odules/.pnpm/@prisma+client@7.8.0_prisma@7.8
.0_typescript@5.9.3/node_modules/@prisma/cli
ent/default.js:2:6)
      at Object.<anonymous> 
(database/prisma/prisma.service.ts:2:1)
      at Object.<anonymous> 
(users/users.service.ts:2:1)
      at Object.<anonymous> 
(auth/auth.service.ts:4:1)
      at Object.<anonymous> 
(auth/auth.controller.ts:2:1)
      at Object.<anonymous> 
(auth/auth.controller.spec.ts:2:1)

Test Suites: 8 failed, 3 passed, 11 total
Tests:       3 passed, 3 total
Snapshots:   0 total
Time:        6.688 s
Ran all test suites.
ΓÇëELIFECYCLEΓÇë Test failed. See above for more details.
